2026-05-21 13:44:43.078 +07:00 [INF] Now listening on: http://localhost:5031
2026-05-21 13:44:43.098 +07:00 [INF] Application started. Press Ctrl+C to shut down.
2026-05-21 13:44:43.098 +07:00 [INF] Hosting environment: Development
2026-05-21 13:44:43.099 +07:00 [INF] Content root path: D:\KTPM2023\2025_2026_HK2\SE359_DevOps\Chat_Microservices\services\chat-service\ChatService
2026-05-21 13:45:19.528 +07:00 [INF] Request starting HTTP/1.1 POST http://localhost:5031/api/messages/conversations/latest - application/json 73
2026-05-21 13:45:19.565 +07:00 [INF] Executing endpoint 'ChatService.Presentation.Controllers.MessagesController.GetLatestMessagesAsync (ChatService)'
2026-05-21 13:45:19.581 +07:00 [INF] Route matched with {action = "GetLatestMessages", controller = "Messages"}. Executing controller action with signature System.Threading.Tasks.Task`1[Microsoft.AspNetCore.Mvc.ActionResult`1[ChatService.Presentation.Common.ApiSuccessResponse`1[System.Collections.Generic.Dictionary`2[System.Guid,ChatService.Presentation.DTOs.MessageResponseDto]]]] GetLatestMessagesAsync(ChatService.Presentation.DTOs.GetLatestMessagesRequestDto) on controller ChatService.Presentation.Controllers.MessagesController (ChatService).
2026-05-21 13:45:20.188 +07:00 [INF] Executed action ChatService.Presentation.Controllers.MessagesController.GetLatestMessagesAsync (ChatService) in 603.1288ms
2026-05-21 13:45:20.196 +07:00 [INF] Executed endpoint 'ChatService.Presentation.Controllers.MessagesController.GetLatestMessagesAsync (ChatService)'
2026-05-21 13:45:20.197 +07:00 [ERR] An unhandled exception occurred: The given key 'EmptyProjectionMember' was not present in the dictionary.
System.Collections.Generic.KeyNotFoundException: The given key 'EmptyProjectionMember' was not present in the dictionary.
   at System.Collections.Generic.Dictionary`2.get_Item(TKey key)
   at Microsoft.EntityFrameworkCore.Query.SqlExpressions.SelectExpression.ProjectionMemberToIndexConvertingExpressionVisitor.Visit(Expression expression)
   at Microsoft.EntityFrameworkCore.Query.StructuralTypeShaperExpression.VisitChildren(ExpressionVisitor visitor)
   at Microsoft.EntityFrameworkCore.Query.SqlExpressions.SelectExpression.ProjectionMemberToIndexConvertingExpressionVisitor.Visit(Expression expression)
   at Microsoft.EntityFrameworkCore.Query.SqlExpressions.SelectExpression.ApplyProjection(Expression shaperExpression, ResultCardinality resultCardinality, QuerySplittingBehavior querySplittingBehavior)
   at Microsoft.EntityFrameworkCore.Query.Internal.SelectExpressionProjectionApplyingExpressionVisitor.VisitExtension(Expression extensionExpression)
   at Microsoft.EntityFrameworkCore.Query.RelationalQueryTranslationPostprocessor.Process(Expression query)
   at Npgsql.EntityFrameworkCore.PostgreSQL.Query.Internal.NpgsqlQueryTranslationPostprocessor.Process(Expression query)
   at Microsoft.EntityFrameworkCore.Query.QueryCompilationContext.CreateQueryExecutorExpression[TResult](Expression query)
   at Microsoft.EntityFrameworkCore.Query.QueryCompilationContext.CreateQueryExecutor[TResult](Expression query)
   at Microsoft.EntityFrameworkCore.Storage.Database.CompileQuery[TResult](Expression query, Boolean async)
   at Microsoft.EntityFrameworkCore.Query.Internal.QueryCompiler.CompileQueryCore[TResult](IDatabase database, Expression query, IModel model, Boolean async)
   at Microsoft.EntityFrameworkCore.Query.Internal.QueryCompiler.<>c__DisplayClass11_0`1.<ExecuteCore>b__0()
   at Microsoft.EntityFrameworkCore.Query.Internal.CompiledQueryCache.GetOrAddQuery[TResult](Object cacheKey, Func`1 compiler)
   at Microsoft.EntityFrameworkCore.Query.Internal.QueryCompiler.ExecuteCore[TResult](Expression query, Boolean async, CancellationToken cancellationToken)
   at Microsoft.EntityFrameworkCore.Query.Internal.QueryCompiler.ExecuteAsync[TResult](Expression query, CancellationToken cancellationToken)
   at Microsoft.EntityFrameworkCore.Query.Internal.EntityQueryProvider.ExecuteAsync[TResult](Expression expression, CancellationToken cancellationToken)
   at Microsoft.EntityFrameworkCore.Query.Internal.EntityQueryable`1.GetAsyncEnumerator(CancellationToken cancellationToken)
   at System.Runtime.CompilerServices.ConfiguredCancelableAsyncEnumerable`1.GetAsyncEnumerator()
   at Microsoft.EntityFrameworkCore.EntityFrameworkQueryableExtensions.ToListAsync[TSource](IQueryable`1 source, CancellationToken cancellationToken)
   at ChatService.Infrastructure.Persistence.Repositories.MessageRepository.GetLatestMessagesAsync(List`1 conversationIds, CancellationToken cancellationToken) in D:\KTPM2023\2025_2026_HK2\SE359_DevOps\Chat_Microservices\services\chat-service\ChatService\src\Infrastructure\Persistence\Repositories\MessageRepository.cs:line 75
   at ChatService.Application.Features.Messages.Queries.GetLatestMessages.GetLatestMessagesQueryHandler.Handle(GetLatestMessagesQuery request, CancellationToken cancellationToken) in D:\KTPM2023\2025_2026_HK2\SE359_DevOps\Chat_Microservices\services\chat-service\ChatService\src\Application\Features\Messages\Queries\GetLatestMessages\GetLatestMessagesQuery.cs:line 72
   at ChatService.Application.Common.Behaviors.ValidationBehavior`2.Handle(TRequest request, RequestHandlerDelegate`1 next, CancellationToken cancellationToken) in D:\KTPM2023\2025_2026_HK2\SE359_DevOps\Chat_Microservices\services\chat-service\ChatService\src\Application\Common\Behaviors\ValidationBehavior.cs:line 48
   at ChatService.Presentation.Controllers.MessagesController.GetLatestMessagesAsync(GetLatestMessagesRequestDto requestDto) in D:\KTPM2023\2025_2026_HK2\SE359_DevOps\Chat_Microservices\services\chat-service\ChatService\src\Presentation\Controllers\MessagesController.cs:line 197
   at lambda_method21(Closure, Object)
   at Microsoft.AspNetCore.Mvc.Infrastructure.ActionMethodExecutor.AwaitableObjectResultExecutor.Execute(ActionContext actionContext, IActionResultTypeMapper mapper, ObjectMethodExecutor executor, Object controller, Object[] arguments)
   at Microsoft.AspNetCore.Mvc.Infrastructure.ControllerActionInvoker.<InvokeActionMethodAsync>g__Awaited|12_0(ControllerActionInvoker invoker, ValueTask`1 actionResultValueTask)
   at Microsoft.AspNetCore.Mvc.Infrastructure.ControllerActionInvoker.<InvokeNextActionFilterAsync>g__Awaited|10_0(ControllerActionInvoker invoker, Task lastTask, State next, Scope scope, Object state, Boolean isCompleted)
   at Microsoft.AspNetCore.Mvc.Infrastructure.ControllerActionInvoker.Rethrow(ActionExecutedContextSealed context)
   at Microsoft.AspNetCore.Mvc.Infrastructure.ControllerActionInvoker.Next(State& next, Scope& scope, Object& state, Boolean& isCompleted)
   at Microsoft.AspNetCore.Mvc.Infrastructure.ControllerActionInvoker.InvokeInnerFilterAsync()
--- End of stack trace from previous location ---
   at Microsoft.AspNetCore.Mvc.Infrastructure.ResourceInvoker.<InvokeFilterPipelineAsync>g__Awaited|20_0(ResourceInvoker invoker, Task lastTask, State next, Scope scope, Object state, Boolean isCompleted)
   at Microsoft.AspNetCore.Mvc.Infrastructure.ResourceInvoker.<InvokeAsync>g__Logged|17_1(ResourceInvoker invoker)
   at Microsoft.AspNetCore.Mvc.Infrastructure.ResourceInvoker.<InvokeAsync>g__Logged|17_1(ResourceInvoker invoker)
   at Microsoft.AspNetCore.Routing.EndpointMiddleware.<Invoke>g__AwaitRequestTask|7_0(Endpoint endpoint, Task requestTask, ILogger logger)
   at Microsoft.AspNetCore.Authorization.AuthorizationMiddleware.Invoke(HttpContext context)
   at Swashbuckle.AspNetCore.SwaggerUI.SwaggerUIMiddleware.Invoke(HttpContext httpContext)
   at Swashbuckle.AspNetCore.Swagger.SwaggerMiddleware.Invoke(HttpContext httpContext, ISwaggerProvider swaggerProvider)
   at ChatService.Presentation.Middleware.GlobalExceptionHandler.InvokeAsync(HttpContext context, RequestDelegate next) in D:\KTPM2023\2025_2026_HK2\SE359_DevOps\Chat_Microservices\services\chat-service\ChatService\src\Presentation\Middleware\GlobalExceptionHandler.cs:line 29
2026-05-21 13:45:20.235 +07:00 [INF] Request finished HTTP/1.1 POST http://localhost:5031/api/messages/conversations/latest - 500 null application/json; charset=utf-8 708.2504ms
2026-05-21 13:47:06.065 +07:00 [INF] Application is shutting down...
2026-05-21 13:47:12.847 +07:00 [INF] Now listening on: http://localhost:5031
2026-05-21 13:47:12.864 +07:00 [INF] Application started. Press Ctrl+C to shut down.
2026-05-21 13:47:12.865 +07:00 [INF] Hosting environment: Development
2026-05-21 13:47:12.865 +07:00 [INF] Content root path: D:\KTPM2023\2025_2026_HK2\SE359_DevOps\Chat_Microservices\services\chat-service\ChatService
2026-05-21 13:47:17.285 +07:00 [INF] Request starting HTTP/1.1 POST http://localhost:5031/api/messages/conversations/latest - application/json 73
2026-05-21 13:47:17.313 +07:00 [INF] Executing endpoint 'ChatService.Presentation.Controllers.MessagesController.GetLatestMessagesAsync (ChatService)'
2026-05-21 13:47:17.326 +07:00 [INF] Route matched with {action = "GetLatestMessages", controller = "Messages"}. Executing controller action with signature System.Threading.Tasks.Task`1[Microsoft.AspNetCore.Mvc.ActionResult`1[ChatService.Presentation.Common.ApiSuccessResponse`1[System.Collections.Generic.Dictionary`2[System.Guid,ChatService.Presentation.DTOs.MessageResponseDto]]]] GetLatestMessagesAsync(ChatService.Presentation.DTOs.GetLatestMessagesRequestDto) on controller ChatService.Presentation.Controllers.MessagesController (ChatService).
2026-05-21 13:47:18.148 +07:00 [INF] Executed DbCommand (59ms) [Parameters=[@__conversationIds_0='?' (DbType = Object)], CommandType='"Text"', CommandTimeout='30']
SELECT m."Id", m."Content", m."ConversationId", m."CreatedAt", m."IsDeleted", m."SenderId", m."Type", m."UpdatedAt"
FROM "Message" AS m
WHERE m."ConversationId" = ANY (@__conversationIds_0) AND NOT (m."IsDeleted") AND m."Id" = COALESCE((
    SELECT m0."Id"
    FROM "Message" AS m0
    WHERE m0."ConversationId" = m."ConversationId" AND NOT (m0."IsDeleted")
    ORDER BY m0."CreatedAt" DESC
    LIMIT 1), '00000000-0000-0000-0000-000000000000')
2026-05-21 13:47:18.168 +07:00 [INF] Executed DbCommand (2ms) [Parameters=[@__conversationIds_0='?' (DbType = Object), @__userId_1='?' (DbType = Guid)], CommandType='"Text"', CommandTimeout='30']
SELECT m."Id", m."ConversationId", m."LastReadAt", m."UserId"
FROM "MessageReadStatus" AS m
WHERE m."ConversationId" = ANY (@__conversationIds_0) AND m."UserId" = @__userId_1
2026-05-21 13:47:18.176 +07:00 [INF] Executing OkObjectResult, writing value of type 'ChatService.Presentation.Common.ApiSuccessResponse`1[[System.Collections.Generic.Dictionary`2[[System.Guid, System.Private.CoreLib, Version=9.0.0.0, Culture=neutral, PublicKeyToken=7cec85d7bea7798e],[ChatService.Presentation.DTOs.MessageResponseDto, ChatService, Version=1.0.0.0, Culture=neutral, PublicKeyToken=null]], System.Private.CoreLib, Version=9.0.0.0, Culture=neutral, PublicKeyToken=7cec85d7bea7798e]]'.
2026-05-21 13:47:18.200 +07:00 [INF] Executed action ChatService.Presentation.Controllers.MessagesController.GetLatestMessagesAsync (ChatService) in 870.0546ms
2026-05-21 13:47:18.206 +07:00 [INF] Executed endpoint 'ChatService.Presentation.Controllers.MessagesController.GetLatestMessagesAsync (ChatService)'
2026-05-21 13:47:18.216 +07:00 [INF] Request finished HTTP/1.1 POST http://localhost:5031/api/messages/conversations/latest - 200 null application/json; charset=utf-8 931.6266ms
2026-05-21 13:47:29.642 +07:00 [INF] Request starting HTTP/1.1 GET http://localhost:5031/api/messages/conversation/4d32dab7-8dbf-41c2-9edd-777ccdae4949?pageNumber=1&pageSize=20 - null null
2026-05-21 13:47:29.650 +07:00 [INF] Executing endpoint 'ChatService.Presentation.Controllers.MessagesController.GetMessagesAsync (ChatService)'
2026-05-21 13:47:29.657 +07:00 [INF] Route matched with {action = "GetMessages", controller = "Messages"}. Executing controller action with signature System.Threading.Tasks.Task`1[Microsoft.AspNetCore.Mvc.ActionResult`1[ChatService.Presentation.Common.ApiSuccessResponse`1[ChatService.Application.Common.Models.PagedResult`1[ChatService.Presentation.DTOs.MessageResponseDto]]]] GetMessagesAsync(System.Guid, Int32, Int32) on controller ChatService.Presentation.Controllers.MessagesController (ChatService).
2026-05-21 13:47:29.773 +07:00 [INF] Executed DbCommand (5ms) [Parameters=[@__conversationId_0='?' (DbType = Guid)], CommandType='"Text"', CommandTimeout='30']
SELECT count(*)::int
FROM "Message" AS m
WHERE m."ConversationId" = @__conversationId_0 AND NOT (m."IsDeleted")
2026-05-21 13:47:29.786 +07:00 [INF] Executed DbCommand (1ms) [Parameters=[@__conversationId_0='?' (DbType = Guid), @__p_2='?' (DbType = Int32), @__p_1='?' (DbType = Int32)], CommandType='"Text"', CommandTimeout='30']
SELECT m."Id", m."Content", m."ConversationId", m."CreatedAt", m."IsDeleted", m."SenderId", m."Type", m."UpdatedAt"
FROM "Message" AS m
WHERE m."ConversationId" = @__conversationId_0 AND NOT (m."IsDeleted")
ORDER BY m."CreatedAt" DESC
LIMIT @__p_2 OFFSET @__p_1
2026-05-21 13:47:29.799 +07:00 [INF] Executed DbCommand (1ms) [Parameters=[@__conversationId_0='?' (DbType = Guid), @__userId_1='?' (DbType = Guid)], CommandType='"Text"', CommandTimeout='30']
SELECT m."Id", m."ConversationId", m."LastReadAt", m."UserId"
FROM "MessageReadStatus" AS m
WHERE m."ConversationId" = @__conversationId_0 AND m."UserId" = @__userId_1
LIMIT 1
2026-05-21 13:47:29.881 +07:00 [INF] Executed DbCommand (2ms) [Parameters=[@p0='?' (DbType = Guid), @p1='?' (DbType = Guid), @p2='?' (DbType = DateTime), @p3='?' (DbType = Guid)], CommandType='"Text"', CommandTimeout='30']
INSERT INTO "MessageReadStatus" ("Id", "ConversationId", "LastReadAt", "UserId")
VALUES (@p0, @p1, @p2, @p3);
2026-05-21 13:47:29.902 +07:00 [INF] Executed DbCommand (1ms) [Parameters=[@__conversationId_0='?' (DbType = Guid)], CommandType='"Text"', CommandTimeout='30']
SELECT m."Id", m."ConversationId", m."LastReadAt", m."UserId"
FROM "MessageReadStatus" AS m
WHERE m."ConversationId" = @__conversationId_0
2026-05-21 13:47:29.905 +07:00 [INF] Executing OkObjectResult, writing value of type 'ChatService.Presentation.Common.ApiSuccessResponse`1[[ChatService.Application.Common.Models.PagedResult`1[[ChatService.Presentation.DTOs.MessageResponseDto, ChatService, Version=1.0.0.0, Culture=neutral, PublicKeyToken=null]], ChatService, Version=1.0.0.0, Culture=neutral, PublicKeyToken=null]]'.
2026-05-21 13:47:29.909 +07:00 [INF] Executed action ChatService.Presentation.Controllers.MessagesController.GetMessagesAsync (ChatService) in 248.6154ms
2026-05-21 13:47:29.910 +07:00 [INF] Executed endpoint 'ChatService.Presentation.Controllers.MessagesController.GetMessagesAsync (ChatService)'
2026-05-21 13:47:29.911 +07:00 [INF] Request finished HTTP/1.1 GET http://localhost:5031/api/messages/conversation/4d32dab7-8dbf-41c2-9edd-777ccdae4949?pageNumber=1&pageSize=20 - 200 null application/json; charset=utf-8 268.5918ms
2026-05-21 13:47:41.950 +07:00 [INF] Request starting HTTP/1.1 POST http://localhost:5031/api/messages - application/json 98
2026-05-21 13:47:41.954 +07:00 [INF] Executing endpoint 'ChatService.Presentation.Controllers.MessagesController.SendMessageAsync (ChatService)'
2026-05-21 13:47:41.957 +07:00 [INF] Route matched with {action = "SendMessage", controller = "Messages"}. Executing controller action with signature System.Threading.Tasks.Task`1[Microsoft.AspNetCore.Mvc.ActionResult`1[ChatService.Presentation.Common.ApiSuccessResponse`1[ChatService.Presentation.DTOs.MessageResponseDto]]] SendMessageAsync(ChatService.Presentation.DTOs.SendMessageRequestDto) on controller ChatService.Presentation.Controllers.MessagesController (ChatService).
2026-05-21 13:47:42.041 +07:00 [INF] Executed DbCommand (6ms) [Parameters=[@p0='?' (DbType = Guid), @p1='?', @p2='?' (DbType = Guid), @p3='?' (DbType = DateTime), @p4='?' (DbType = Boolean), @p5='?' (DbType = Guid), @p6='?', @p7='?' (DbType = DateTime)], CommandType='"Text"', CommandTimeout='30']
INSERT INTO "Message" ("Id", "Content", "ConversationId", "CreatedAt", "IsDeleted", "SenderId", "Type", "UpdatedAt")
VALUES (@p0, @p1, @p2, @p3, @p4, @p5, @p6, @p7);
2026-05-21 13:47:42.048 +07:00 [INF] Executing CreatedResult, writing value of type 'ChatService.Presentation.Common.ApiSuccessResponse`1[[ChatService.Presentation.DTOs.MessageResponseDto, ChatService, Version=1.0.0.0, Culture=neutral, PublicKeyToken=null]]'.
2026-05-21 13:47:42.064 +07:00 [INF] Executed action ChatService.Presentation.Controllers.MessagesController.SendMessageAsync (ChatService) in 104.6472ms
2026-05-21 13:47:42.064 +07:00 [INF] Executed endpoint 'ChatService.Presentation.Controllers.MessagesController.SendMessageAsync (ChatService)'
2026-05-21 13:47:42.065 +07:00 [INF] Request finished HTTP/1.1 POST http://localhost:5031/api/messages - 201 null application/json; charset=utf-8 114.5237ms
2026-05-21 13:47:57.353 +07:00 [INF] Request starting HTTP/1.1 GET http://localhost:5031/api/messages/conversation/3fa85f64-5717-4562-b3fc-2c963f66afa6?pageNumber=1&pageSize=20 - null null
2026-05-21 13:47:57.355 +07:00 [INF] Executing endpoint 'ChatService.Presentation.Controllers.MessagesController.GetMessagesAsync (ChatService)'
2026-05-21 13:47:57.356 +07:00 [INF] Route matched with {action = "GetMessages", controller = "Messages"}. Executing controller action with signature System.Threading.Tasks.Task`1[Microsoft.AspNetCore.Mvc.ActionResult`1[ChatService.Presentation.Common.ApiSuccessResponse`1[ChatService.Application.Common.Models.PagedResult`1[ChatService.Presentation.DTOs.MessageResponseDto]]]] GetMessagesAsync(System.Guid, Int32, Int32) on controller ChatService.Presentation.Controllers.MessagesController (ChatService).
2026-05-21 13:47:57.365 +07:00 [INF] Executed DbCommand (1ms) [Parameters=[@__conversationId_0='?' (DbType = Guid)], CommandType='"Text"', CommandTimeout='30']
SELECT count(*)::int
FROM "Message" AS m
WHERE m."ConversationId" = @__conversationId_0 AND NOT (m."IsDeleted")
2026-05-21 13:47:57.369 +07:00 [INF] Executed DbCommand (1ms) [Parameters=[@__conversationId_0='?' (DbType = Guid), @__p_2='?' (DbType = Int32), @__p_1='?' (DbType = Int32)], CommandType='"Text"', CommandTimeout='30']
SELECT m."Id", m."Content", m."ConversationId", m."CreatedAt", m."IsDeleted", m."SenderId", m."Type", m."UpdatedAt"
FROM "Message" AS m
WHERE m."ConversationId" = @__conversationId_0 AND NOT (m."IsDeleted")
ORDER BY m."CreatedAt" DESC
LIMIT @__p_2 OFFSET @__p_1
2026-05-21 13:47:57.389 +07:00 [INF] Executed DbCommand (1ms) [Parameters=[@__conversationId_0='?' (DbType = Guid), @__userId_1='?' (DbType = Guid)], CommandType='"Text"', CommandTimeout='30']
SELECT m."Id", m."ConversationId", m."LastReadAt", m."UserId"
FROM "MessageReadStatus" AS m
WHERE m."ConversationId" = @__conversationId_0 AND m."UserId" = @__userId_1
LIMIT 1
2026-05-21 13:47:57.394 +07:00 [INF] Executed DbCommand (1ms) [Parameters=[@p0='?' (DbType = Guid), @p1='?' (DbType = Guid), @p2='?' (DbType = DateTime), @p3='?' (DbType = Guid)], CommandType='"Text"', CommandTimeout='30']
INSERT INTO "MessageReadStatus" ("Id", "ConversationId", "LastReadAt", "UserId")
VALUES (@p0, @p1, @p2, @p3);
2026-05-21 13:47:57.400 +07:00 [INF] Executed DbCommand (1ms) [Parameters=[@__conversationId_0='?' (DbType = Guid)], CommandType='"Text"', CommandTimeout='30']
SELECT m."Id", m."ConversationId", m."LastReadAt", m."UserId"
FROM "MessageReadStatus" AS m
WHERE m."ConversationId" = @__conversationId_0
2026-05-21 13:47:57.407 +07:00 [INF] Executing OkObjectResult, writing value of type 'ChatService.Presentation.Common.ApiSuccessResponse`1[[ChatService.Application.Common.Models.PagedResult`1[[ChatService.Presentation.DTOs.MessageResponseDto, ChatService, Version=1.0.0.0, Culture=neutral, PublicKeyToken=null]], ChatService, Version=1.0.0.0, Culture=neutral, PublicKeyToken=null]]'.
2026-05-21 13:47:57.409 +07:00 [INF] Executed action ChatService.Presentation.Controllers.MessagesController.GetMessagesAsync (ChatService) in 51.5412ms
2026-05-21 13:47:57.410 +07:00 [INF] Executed endpoint 'ChatService.Presentation.Controllers.MessagesController.GetMessagesAsync (ChatService)'
2026-05-21 13:47:57.411 +07:00 [INF] Request finished HTTP/1.1 GET http://localhost:5031/api/messages/conversation/3fa85f64-5717-4562-b3fc-2c963f66afa6?pageNumber=1&pageSize=20 - 200 null application/json; charset=utf-8 58.0912ms
2026-05-21 13:48:25.158 +07:00 [INF] Application is shutting down...
2026-05-21 13:50:48.806 +07:00 [INF] Running database migrations for ChatService...
2026-05-21 13:50:49.153 +07:00 [INF] Executed DbCommand (9ms) [Parameters=[], CommandType='"Text"', CommandTimeout='30']
SELECT "MigrationId", "ProductVersion"
FROM "__EFMigrationsHistory"
ORDER BY "MigrationId";
2026-05-21 13:50:49.258 +07:00 [INF] Executed DbCommand (2ms) [Parameters=[], CommandType='"Text"', CommandTimeout='30']
CREATE TABLE IF NOT EXISTS "__EFMigrationsHistory" (
    "MigrationId" character varying(150) NOT NULL,
    "ProductVersion" character varying(32) NOT NULL,
    CONSTRAINT "PK___EFMigrationsHistory" PRIMARY KEY ("MigrationId")
);
2026-05-21 13:50:49.262 +07:00 [INF] Acquiring an exclusive lock for migration application. See https://aka.ms/efcore-docs-migrations-lock for more information if this takes too long.
2026-05-21 13:50:49.263 +07:00 [INF] Executed DbCommand (0ms) [Parameters=[], CommandType='"Text"', CommandTimeout='30']
LOCK TABLE "__EFMigrationsHistory" IN ACCESS EXCLUSIVE MODE
2026-05-21 13:50:49.264 +07:00 [INF] Executed DbCommand (1ms) [Parameters=[], CommandType='"Text"', CommandTimeout='30']
SELECT "MigrationId", "ProductVersion"
FROM "__EFMigrationsHistory"
ORDER BY "MigrationId";
2026-05-21 13:50:49.269 +07:00 [INF] Applying migration '20260521065039_ADD_Auto_Change_to_UTC_before_store_PSQL'.
2026-05-21 13:50:49.272 +07:00 [INF] Executed DbCommand (1ms) [Parameters=[], CommandType='"Text"', CommandTimeout='30']
INSERT INTO "__EFMigrationsHistory" ("MigrationId", "ProductVersion")
VALUES ('20260521065039_ADD_Auto_Change_to_UTC_before_store_PSQL', '9.0.1');
2026-05-21 13:50:49.278 +07:00 [INF] Database migrations completed successfully.
2026-05-21 13:50:56.942 +07:00 [INF] Now listening on: http://localhost:5031
2026-05-21 13:50:56.959 +07:00 [INF] Application started. Press Ctrl+C to shut down.
2026-05-21 13:50:56.960 +07:00 [INF] Hosting environment: Development
2026-05-21 13:50:56.960 +07:00 [INF] Content root path: D:\KTPM2023\2025_2026_HK2\SE359_DevOps\Chat_Microservices\services\chat-service\ChatService
2026-05-21 13:51:26.981 +07:00 [INF] Request starting HTTP/1.1 POST http://localhost:5031/api/messages - application/json 98
2026-05-21 13:51:27.013 +07:00 [INF] Executing endpoint 'ChatService.Presentation.Controllers.MessagesController.SendMessageAsync (ChatService)'
2026-05-21 13:51:27.025 +07:00 [INF] Route matched with {action = "SendMessage", controller = "Messages"}. Executing controller action with signature System.Threading.Tasks.Task`1[Microsoft.AspNetCore.Mvc.ActionResult`1[ChatService.Presentation.Common.ApiSuccessResponse`1[ChatService.Presentation.DTOs.MessageResponseDto]]] SendMessageAsync(ChatService.Presentation.DTOs.SendMessageRequestDto) on controller ChatService.Presentation.Controllers.MessagesController (ChatService).
2026-05-21 13:51:27.763 +07:00 [INF] Executed DbCommand (29ms) [Parameters=[@p0='?' (DbType = Guid), @p1='?', @p2='?' (DbType = Guid), @p3='?' (DbType = DateTime), @p4='?' (DbType = Boolean), @p5='?' (DbType = Guid), @p6='?', @p7='?' (DbType = DateTime)], CommandType='"Text"', CommandTimeout='30']
INSERT INTO "Message" ("Id", "Content", "ConversationId", "CreatedAt", "IsDeleted", "SenderId", "Type", "UpdatedAt")
VALUES (@p0, @p1, @p2, @p3, @p4, @p5, @p6, @p7);
2026-05-21 13:51:27.794 +07:00 [INF] Executing CreatedResult, writing value of type 'ChatService.Presentation.Common.ApiSuccessResponse`1[[ChatService.Presentation.DTOs.MessageResponseDto, ChatService, Version=1.0.0.0, Culture=neutral, PublicKeyToken=null]]'.
2026-05-21 13:51:27.820 +07:00 [INF] Executed action ChatService.Presentation.Controllers.MessagesController.SendMessageAsync (ChatService) in 791.5816ms
2026-05-21 13:51:27.824 +07:00 [INF] Executed endpoint 'ChatService.Presentation.Controllers.MessagesController.SendMessageAsync (ChatService)'
2026-05-21 13:51:27.829 +07:00 [INF] Request finished HTTP/1.1 POST http://localhost:5031/api/messages - 201 null application/json; charset=utf-8 849.6658ms
2026-05-21 13:51:56.905 +07:00 [INF] Application is shutting down...
2026-05-21 16:53:21.389 +07:00 [INF] Now listening on: http://localhost:5031
2026-05-21 16:53:21.408 +07:00 [INF] Application started. Press Ctrl+C to shut down.
2026-05-21 16:53:21.409 +07:00 [INF] Hosting environment: Development
2026-05-21 16:53:21.409 +07:00 [INF] Content root path: D:\KTPM2023\2025_2026_HK2\SE359_DevOps\Chat_Microservices\services\chat-service\ChatService
2026-05-21 16:53:23.041 +07:00 [INF] Request starting HTTP/1.1 GET http://localhost:5031/ - null null
2026-05-21 16:53:23.062 +07:00 [INF] Request finished HTTP/1.1 GET http://localhost:5031/ - 404 0 null 21.8977ms
2026-05-21 16:53:23.072 +07:00 [INF] Request reached the end of the middleware pipeline without being handled by application code. Request path: GET http://localhost:5031/, Response status code: 404
2026-05-21 16:53:29.172 +07:00 [INF] Request starting HTTP/1.1 GET http://localhost:5031/health - null null
2026-05-21 16:53:29.177 +07:00 [INF] Executing endpoint 'Health checks'
2026-05-21 16:53:29.635 +07:00 [INF] Executed endpoint 'Health checks'
2026-05-21 16:53:29.637 +07:00 [INF] Request finished HTTP/1.1 GET http://localhost:5031/health - 200 null application/json 464.627ms
2026-05-21 16:53:29.651 +07:00 [INF] Request starting HTTP/1.1 GET http://localhost:5031/favicon.ico - null null
2026-05-21 16:53:29.654 +07:00 [INF] Request finished HTTP/1.1 GET http://localhost:5031/favicon.ico - 404 0 null 2.8587ms
2026-05-21 16:53:29.656 +07:00 [INF] Request reached the end of the middleware pipeline without being handled by application code. Request path: GET http://localhost:5031/favicon.ico, Response status code: 404
2026-05-21 16:53:46.263 +07:00 [INF] Application is shutting down...
